#-----------------------------------------------------------
# Webtalk v2018.2 (64-bit)
# SW Build 2258646 on Thu Jun 14 20:02:38 MDT 2018
# IP Build 2256618 on Thu Jun 14 22:10:49 MDT 2018
# Start of session at: Thu Apr 14 09:43:08 2022
# Process ID: 4510
# Current directory: /home/alaverdo/Bureau/4IR/ProjSystInfo/ProjetSystemeInfo/Microproc/project_1/project_1.sim/sim_1/behav/xsim
# Command line: wbtcv -mode batch -source /home/alaverdo/Bureau/4IR/ProjSystInfo/ProjetSystemeInfo/Microproc/project_1/project_1.sim/sim_1/behav/xsim/xsim.dir/test_UAL_behav/webtalk/xsim_webtalk.tcl -notrace
# Log file: /home/alaverdo/Bureau/4IR/ProjSystInfo/ProjetSystemeInfo/Microproc/project_1/project_1.sim/sim_1/behav/xsim/webtalk.log
# Journal file: /home/alaverdo/Bureau/4IR/ProjSystInfo/ProjetSystemeInfo/Microproc/project_1/project_1.sim/sim_1/behav/xsim/webtalk.jou
#-----------------------------------------------------------
source /home/alaverdo/Bureau/4IR/ProjSystInfo/ProjetSystemeInfo/Microproc/project_1/project_1.sim/sim_1/behav/xsim/xsim.dir/test_UAL_behav/webtalk/xsim_webtalk.tcl -notrace
